y == 1
1.000000
-1.000000
-0.500000
-6.000000
w < z
z >= w
w <= z
z <= z
z == z
w == w
w != z
