x == 0
x == 0
x == 0
pred is false
pred is true
pred and pred2 are true
!!pred and !!pred2 are true
