
int GCD(a, b)
{
int c;
while (a > 0) {
c = b % a;
b = a;
a = c;
}
return b;
}
