5
10
9
45
i == j
i != j
i < j
i <= j
j <= j
j > i
j >= i
j >= j
