
bool doubleTrans(M)
{
matrix N;
N = ''M;
if (N == M)
{
return true;
}
return false;
}
