
array createArr(n)
{
array A;
int a;
A = [1,2,3];
a = A[0];
return A;
}
